00:00 +0: loading D:/Prismaze2/test/qa/determinism_test.dart
00:00 +0: QA Determinism & Metrics Suite Verify 100 random levels are perfectly deterministic (10x runs each)
00:00 +1: QA Determinism & Metrics Suite Generate Distribution Metrics (1000 levels)
--- Metric Generation for 1000 levels (v1) ---

[Family Distribution]
verticalCorridor    : 393 (39.3%)
staircase           : 92 (9.2%)
sideChannel         : 96 (9.6%)
centralSpine        : 97 (9.7%)
splitFanout         : 77 (7.7%)
loopLite            : 98 (9.8%)
dualZone            : 56 (5.6%)
decoyLane           : 18 (1.8%)
blockerPivot        : 73 (7.3%)

[Silhouette Uniqueness]
Unique Silhouettes: 31 / 1000 (3.1%)
ÔÜá´©Å WARNING: Low silhouette diversity detected!

[Cooldown Status]
ÔÜá´©Å Cooldown violations found!
  - verticalCorridor_0 at levels: [2, 4, 9, 11, 16, 17, 18, 23, 29, 30, 37, 38, 39, 45, 46, 53, 54, 60, 68, 80, 90, 92, 98, 100, 107, 109, 116, 121, 123, 125, 130, 132, 134, 138, 146, 147, 148, 156, 158, 163, 171, 172, 179, 185, 187, 189, 191, 192, 194, 200, 202, 209, 211, 213, 221, 229, 231, 236, 237, 243, 244, 245, 252, 254, 265, 267, 273, 274, 276, 283, 284, 285, 291, 303, 308, 319, 321, 326, 328, 340, 351, 352, 358, 365, 375, 377, 382, 383, 385, 390, 396, 397, 411, 412, 425, 432, 433, 435, 441, 442, 449, 450, 451, 459, 465, 472, 490, 491, 493, 495, 504, 511, 515, 519, 523, 534, 535, 537, 542, 543, 552, 553, 554, 560, 562, 563, 569, 570, 571, 582, 584, 586, 594, 602, 603, 608, 620, 621, 631, 632, 637, 646, 651, 653, 655, 664, 665, 678, 679, 681, 686, 687, 693, 700, 702, 708, 710, 721, 722, 738, 739, 744, 746, 752, 754, 755, 761, 762, 774, 784, 794, 795, 801, 802, 803, 811, 812, 818, 819, 825, 826, 828, 830, 832, 837, 839, 841, 846, 847, 853, 855, 857, 862, 863, 868, 870, 876, 880, 887, 894, 895, 906, 907, 908, 915, 916, 926, 928, 934, 935, 936, 941, 942, 950, 956, 958, 960, 965, 967, 974, 983, 985, 986, 988, 990, 992, 994]
00:00 +2: All tests passed!
